border_size=1
usage=map

Xu          , Xu          , Xu          , Xu          , Xu          , Xu          , Xu          , Xu          , Xu          , Xu          , Xu          , Xu          , Xu          , Xu          , Xu          , Xu          , Ww          , Ww          , Ww          , Ww          , Ww          , Xu          , Xu          , Xu          , Xu          , Xu          , Xu          , Xu          , Xu          , Xu          , Xu          , Xu          
Xu          , Xu          , Xu          , Xu          , Xu          , Xu          , Xu          , Xu          , Xu          , Xu          , Xu          , Xu          , Xu          , Xu          , Xu          , Xu          , Ww          , Ww          , Ww          , Ww          , Ww          , Xu          , Xu          , Xu          , Xu          , Xu          , Xu          , Xu          , Xu          , Xu          , Xu          , Xu          
Xu          , Xu          , Xu          , Xu          , Xu          , Xu          , Uu          , Uu^Vu       , Uu          , Uu          , Uu          , Uu^Uf       , Uu          , Xu          , Xu          , Xu          , Xu          , Ww          , Ww          , Ww          , Ww          , Ww          , Xu          , Xu          , Uh          , Xu          , Uu          , Xu          , Xu          , Xu          , Xu          , Xu          
Xu          , Xu          , Xu          , Xu          , Uh          , Uh          , Uu^Vu       , Uu          , Uh          , Uu^Vu       , Uu          , Uu          , Uh          , Xu          , Xu          , Xu          , Xu          , Ww          , Ww          , Ww          , Ww          , Ww          , Uh          , Xu          , Uu          , Uu^Vu       , Uu          , Uu^Uf       , Uu^Vu       , Xu          , Xu          , Xu          
Xu          , Xu          , Uu          , Uu          , Uu          , Uu          , Uu          , Uu          , Uu^Uf       , Uu          , Uu          , Uu^Vu       , Uu          , Uu^Uf       , Xu          , Xu          , Xu          , Ww          , Ww          , Ww          , Ww          , Ww          , Xu          , Uu          , Uu^Uf       , Uu          , Uu^Vu       , Uu          , Uu          , Uh          , Xu          , Xu          
Xu          , Xu          , Xu          , 4 Kh        , Uu          , Uu          , Ww          , Uu^Uf       , Ww          , Ww          , Uu          , Uu          , Uu          , Uh          , Xu          , Xu          , Xu          , Ww          , Ww          , Ww          , Ww          , Ww          , Xu          , Xu          , Uu^Uf       , Uh          , Uu          , Uu          , Uu          , Xu          , Xu          , Xu          
Xu          , Xu          , Chr         , Chr         , Uu          , Ww          , Ww          , Ww          , Ww          , Uu^Uf       , Uu^Uf       , Ww          , Ww          , Xu          , Xu          , Xu          , Xu          , Ww          , Ww          , Ww          , Ww          , Ww          , Ww          , Xu          , Uu          , Xu          , Xu          , Uu          , 5 Kh        , Uu^Uf       , Xu          , Xu          
Xu          , Xu          , Xu          , Chr         , Uu          , Ww          , Ww          , Ww          , Ww          , Uh          , Uu          , Ww          , Ww          , Xu          , Xu          , Xu          , Xu          , Ww          , Ww          , Ww          , Ww          , Ww          , Ww          , Uh          , Uu          , Xu          , Xu          , Chr         , Chr         , Uu          , Xu          , Xu          
Xu          , Xu          , Uh          , Uu          , Ww          , Ww^Bw\      , Ww^Bw\      , Ww          , Xu          , Ww          , Ww          , Ww          , Ww          , Uh          , Ww          , Xu          , Xu          , Xu          , Xu          , Ww          , Ww          , Ww          , Ww          , Ww          , Uu          , Xu          , Xu          , Chr         , Rr          , Xu          , Xu          , Xu          
Xu          , Xu          , Xu          , Uh          , Ww          , Ww          , Ww          , Ww^Bw\      , Ww^Bw\      , Ww          , Ww          , Ww          , Ww          , Ww          , Ww          , Xu          , Xu          , Xu          , Xu          , Ww          , Ww          , Ww          , Ww          , Ww          , Ww          , Xu          , Rr          , Rr          , Chr         , Xu          , Xu          , Xu          
Xu          , Xu          , Xu          , Xu          , Ww          , Ww          , Ww          , Xu          , Ww          , Ww^Bw\      , Ww^Bw\      , Xu          , Ww          , Ww          , Ww          , Ww          , Uu          , Xu          , Xu          , Xu          , Ww          , Ww          , Ww          , Ww          , Ww^Bw/      , Ww^Bw/      , Xu          , Xu          , Uu          , Xu          , Xu          , Xu          
Xu          , Xu          , Xu          , Ww          , Ww          , Ww          , Ww          , Ww          , Ww          , Ww          , Xu          , Ww^Bw\      , Ww^Bw\      , Ww          , Ww          , Ww          , Ww          , Xu          , Xu          , Xu          , Ww          , Ww          , Ww^Bw/      , Ww^Bw/      , Ww          , Ww          , Ww          , Xu          , Uu          , Xu          , Xu          , Xu          
Xu          , Xu          , Xu          , Xu          , Ww          , Ww          , Ww          , Ww          , Ww          , Ww          , Ww          , Ww          , Ww          , Ww^Bw\      , Uu          , Ww          , Ww          , Ww          , Uu^Vud      , Xu          , Rr          , Ww^Bw/      , Ww          , Ww          , Ww          , Ww          , Ww          , Uu          , Xu          , Xu          , Xu          , Xu          
Gs          , Gs          , Ce          , Xu          , Xu          , Ww          , Ww          , Ww          , Ww          , Ww          , Ww          , Ww          , Ww          , Ww          , Uu          , Uu^Uf       , Xu          , Xu          , Rr          , Rr          , Xu          , Xu          , Xu          , Ww          , Ww          , Ww          , Ww          , Uu          , Xu          , Xu          , Xu          , Xu          
Gs          , Gs          , Ce          , Xu          , Uu^Ii       , Xu          , Ww          , Ww          , Ww          , Xu          , Xu          , Ww          , Xu          , Chr         , Uu          , Xu          , Chr         , Rr          , Uh          , Chr         , Xu          , Xu          , Xu          , Xu          , Ww          , Ww          , Ww          , Uu          , Uu          , Xu          , Xu          , Xu          
Gs          , Gs          , Ce          , 3 Ke        , Uu^Ii       , Uu^Ii       , Chr         , Ww          , Uh          , Xu          , Xu          , Xu          , Uu          , Uu^Vud      , Uu          , Chr         , Uu          , Rr          , Uu          , Chr         , Uu^Uf       , Xu          , Xu          , Ww          , Chw         , Ww          , Ww          , Ww          , Uu          , Xu          , Xu          , Xu          
Xu          , Xu          , Xu          , Ce          , Xu          , Uu^Ii       , Uu^Uf       , Uu          , Uu          , Xu          , Chr         , Chr         , Uu          , Uh          , Xu          , Uu          , Rr          , Rr          , Uu^Vud      , Uu          , Uu          , Uh          , Xu          , Xu          , Chw         , Ww          , Ww          , Ww          , Uu          , Xu          , Xu          , Xu          
Xu          , Xu          , Xu          , Xu          , Xu          , Xu          , Xu          , Uh          , Uu          , Uh          , Uu          , Uu^Vud      , Uu          , Uu^Uf       , Xu          , Chr         , 1 Kh        , Uu          , Uu          , Xu          , Xu          , Uh          , Xu          , Ww          , Chw         , Ww          , Ww          , Ww          , Uu          , Xu          , Xu          , Xu          
Xu          , Xu          , Uh          , Ww          , Ww          , Wwf         , Xu          , Uh          , Xu          , Uu          , Xu          , Uu          , Wwf         , Xu          , Xu          , 2 Chr       , Chr         , Chr         , Xu          , Xu          , Xu          , Xu          , Uh          , Ww          , Ww          , Ww          , Ww          , Ww          , Uu          , Xu          , Xu          , Xu          
Ww          , Ww          , Ww          , Ww          , Wo          , Ww          , Xu          , Xu          , Ww          , Xu          , Xu          , Wwf         , Wwf         , Wwf         , Wwf         , Uu          , Uu          , Uu          , Uu^Uf       , Uu^Uf       , Uu          , Xu          , Xu          , Ww          , Ww          , Ww          , Ww          , Uu          , Xu          , Xu          , Xu          , Xu          
Wo          , Wo          , Wo          , Wo          , Wo          , Ww          , Ww          , Ww          , Wo          , Ww          , Xu          , Xu          , Wwf         , Xu          , Wwf         , Wwf         , Uu          , Uu          , Uu          , Uu          , Uu          , Uu^Vud      , Uu          , Uu          , Ww          , Ww          , Ww          , Uu          , Xu          , Xu          , Xu          , Xu          
Wo          , Wo          , Wo          , Wo          , Wo          , Wo          , Wo          , Wo          , Wo          , Ww          , Wwf         , Ww          , Wwf         , Wwf         , Xu          , Uu^Vud      , Uu          , Chr         , Chr         , Uu          , Uu          , Xu          , Uu          , Uu          , Ww          , Ww          , Ww          , Uu          , Uu          , Xu          , Xu          , Xu          
Wo          , Wo          , Wo          , Wo          , Wo          , Wo          , Ww          , Wo          , Ww          , Ww          , Wwf         , Xu          , Ww          , Ww          , Uh          , Xu          , Uu^Uf       , Uu          , Uu          , Chr         , Uu          , Xu          , Xu          , Uh          , Ww^Bw\      , Ww          , Ww          , Ww          , Ww          , Uu          , Uu          , Uu          
Wo          , Wo          , Wo          , Wo          , Ww          , Ww          , Wwf         , Ww          , Chw         , Wwf         , Ww          , Wwf         , Wwf         , Ww          , Ww          , Xu          , Xu          , Xu          , Uh          , Uu          , Xu          , Xu          , Xu          , Uh          , Ww          , Ww^Bw\      , Ww^Bw\      , Ww          , Xu          , Xu          , Uu          , Uu          
Ww          , Ww          , Ww^Vm       , Ww          , Wwf         , Xu          , Wwf         , Wwf         , Ww          , Ww          , Ww          , Wwf         , Xu          , Wwf         , Ww          , Wwf         , Xu          , Xu          , Uh          , Uu          , Uu          , Xu          , Xu          , Ww          , Ww          , Ww          , Ww          , Ww^Bw\      , Chr         , Uu          , Xu          , Xu          
Ww          , Ww          , Wwf         , Xu          , Ww          , Wwf         , Chw         , Xu          , Xu          , Chw         , Wwf         , Xu          , Wwf         , Xu          , Ww          , Wwf         , Xu          , Xu          , Xu          , Xu          , Uu          , Xu          , Ww          , Ww          , Ww          , Ww          , Xu          , Chr         , Uu          , Uu          , Xu          , Xu          
Ww          , Ww          , Xu          , Wwf         , Ww          , Ww^Vm       , Ww          , Ww          , Ww          , Wwf         , Wwf         , Xu          , Ww          , Ww          , Xu          , Xu          , Xu          , Xu          , Xu          , Uu^Uf       , Uu^Uf       , Uu          , Ww          , Ww          , Ww          , Ww          , Xu          , Uu          , Uu          , Uh          , Uh          , Uh          
Ww          , Ww          , Xu          , Chw         , Chw         , Wwf         , Wwf         , Chw         , Xu          , Xu          , Ww          , Ww          , Wwf         , Wwf         , Uu          , Xu          , Uu^Uf       , Xu          , Uu          , Uu          , Uu          , Uu          , Ww          , Ww          , Ww          , Xu          , Xu          , Xu          , Uu          , Uu          , Uu          , Uu          
Ww          , Ww          , Xu          , Chw         , 6 Kh        , Wwf         , Ww          , Xu          , Uh          , Wwf         , Ww          , Ww          , Xu          , Uu^Uf       , Uh          , Uu          , Xu          , Uu          , Uh          , Uu          , Uu          , Uu          , Ww          , Ww          , Ww          , Xu          , Xu          , Xu          , Chr         , Uu          , Uu          , Uu          
Wwf         , Wwf         , Wwf         , Chw         , Chw         , Chw         , Ww^Vm       , Xu          , Wwf         , Ww          , Wwf         , Xu          , Xu          , Xu          , Xu          , Uu          , Uu^Uf       , Uu          , Uh          , Xu          , Xu          , Ww          , Ww          , Ww          , Xu          , Xu          , Xu          , 7 Kh        , Uu          , Uu          , Uu          , Uu          
Ww          , Ww          , Ww          , Xu          , Xu          , Ww          , Ww          , Wwf         , Ww          , Ww          , Wwf         , Xu          , Xu          , Xu          , Xu          , Uu          , Xu          , Uu^Uf       , Xu          , Xu          , Xu          , Ww          , Ww          , Xu          , Xu          , Xu          , Xu          , Uu          , Xu          , Uh          , Uh          , Uh          
Ww          , Ww          , Ww          , Xu          , Xu          , Ww          , Ww          , Wwf         , Ww          , Ww          , Wwf         , Xu          , Xu          , Xu          , Xu          , Uu          , Xu          , Uu^Uf       , Xu          , Xu          , Xu          , Ww          , Ww          , Xu          , Xu          , Xu          , Xu          , Uu          , Xu          , Uh          , Uh          , Uh          
